============================= test session starts =============================
collected 10 items

tests\test_phase1_fixes.py ..........                                    [100%]

============================== warnings summary ===============================
tests/test_phase1_fixes.py::TestImportSanity::test_vouchers_router_imports
  C:\Users\Krisha Dewasi\OneDrive\Desktop\WEARE\weare\backend\database\__init__.py:58: MovedIn20Warning: The ``declarative_base()`` function is now available as sqlalchemy.orm.declarative_base(). (deprecated since: 2.0) (Background on SQLAlchemy 2.0 at: https://sqlalche.me/e/b8d9)
    Base = declarative_base()

tests/test_phase1_fixes.py::TestImportSanity::test_vouchers_router_imports
  C:\Users\Krisha Dewasi\OneDrive\Desktop\WEARE\weare\backend\routers\compliance.py:12: PydanticDeprecatedSince20: Support for class-based `config` is deprecated, use ConfigDict instead. Deprecated in Pydantic V2.0 to be removed in V3.0. See Pydantic V2 Migration Guide at https://errors.pydantic.dev/2.12/migration/
    class AuditLogResponse(BaseModel):

tests/test_phase1_fixes.py::TestImportSanity::test_vouchers_router_imports
  C:\Users\Krisha Dewasi\OneDrive\Desktop\WEARE\weare\backend\routers\auth.py:42: PydanticDeprecatedSince20: Support for class-based `config` is deprecated, use ConfigDict instead. Deprecated in Pydantic V2.0 to be removed in V3.0. See Pydantic V2 Migration Guide at https://errors.pydantic.dev/2.12/migration/
    class UserResponse(BaseModel):

tests/test_phase1_fixes.py::TestImportSanity::test_vouchers_router_imports
  C:\Users\Krisha Dewasi\OneDrive\Desktop\WEARE\weare\backend\routers\agent.py:15: UserWarning: WARNING! transport is not default parameter.
                  transport was transferred to model_kwargs.
                  Please confirm that transport is what you intended.
    from backend.graph import build_graph

tests/test_phase1_fixes.py::TestImportSanity::test_vouchers_router_imports
  C:\Users\Krisha Dewasi\OneDrive\Desktop\WEARE\weare\backend\routers\baileys.py:14: FutureWarning: 
  
  All support for the `google.generativeai` package has ended. It will no longer be receiving 
  updates or bug fixes. Please switch to the `google.genai` package as soon as possible.
  See README for more details:
  
  https://github.com/google-gemini/deprecated-generative-ai-python/blob/main/README.md
  
    import google.generativeai as genai

-- Docs: https://docs.pytest.org/en/stable/how-to/capture-warnings.html
======================= 10 passed, 5 warnings in 7.75s ========================
